{
    "samples": [
        "8b8d8971de75cb147c66bf22a109c7d64d667e1e866c91182d8c987cdc462b1c",
        "0a808c17865dbb543c704d11d6c9ee282f3f873b16857c478b629914d74a845b",
        "e0fa61ce94fc5cd993c6329eb9a79171d5366024e1706a9c6de31ea804c3186a",
        "1f244fd970279441beccbf8597df02e69ee0c4d1a7ca27b430603f334a5057ba",
        "e06298a9d25522cf1c7a69655ffec31a872ab7d819b8a9639ff7c109efeef24e"
    ],
    "seed": 914957528
}